<div class="first-part">
  <p>
    智通财经 APP 获悉，瑞幸咖啡-W 完成了之前公布的 2019 年门店总数达到 4500 家的目标。1 月 8 日，在无人零售战略发布会上，瑞幸咖啡 (LK.US) CEO 钱治亚宣布，截至 2019 年年底，其直营门店数达 4507 家，累计交易用户数超 4000 万，其中 2019 年第四季度新增用户数约 1000 万。至此，瑞幸咖啡的门店已经超过星巴克 (SBUX.US)，正式成为中国市场第一大品牌。
  </p>
  <script type="text/javascript">
    // 这是comment例子
    var value = "咖啡创始人兼CEO钱治亚";
  </script>
  <style type="text/css">
    // 这是comment例子
    body {
      // 这是comment例子
    }
  </style>
  <p data-value="咖啡创始人兼CEO钱治亚">
    瑞幸<strong>咖啡创始人兼 CEO 钱治亚</strong>在瑞幸咖啡举行的供应商大会上宣布，瑞幸咖啡<b>在 2021 年的门店数量将达到<i>1 万</i></b>家。同时，瑞幸将成为中国最大的连锁咖啡品牌，在门店与消费杯数方面超过星巴克。另外，2019 年 7 月 11 日，瑞幸咖啡发布了进军新鲜现制茶饮市场的战略级产品 “小鹿茶。同时，其也在积极探索海外市场，同年 9 月 3 日，瑞幸咖啡宣布将小鹿茶作为瑞幸咖啡旗下独立品牌运营并采用新零售合伙人的模式。
  </p>
  <pre>title := "咖啡创始人兼CEO钱治亚"</pre>
  <pre><code>title := "咖啡创始人兼CEO钱治亚"</code></pre>
  <textarea>咖啡创始人兼CEO钱治亚</textarea>
  <p><img src="https://l.ruby-china.org/foo/bar.jpg" alt="普通图片"/></p>
  <p>
    2019 年 7 月 22 日，瑞幸咖啡与 Americana 集团 (中东地区最大的食品制造及销售公司) 签署了战略合作框架协议，双方计划共同设立合资公司，在大中东和印度地区开展咖啡新零售业务。此外，同年的 9 月 25 日，瑞幸咖啡还与路易达孚集团签署了战略合作协议，双方将通过共建的合资公司开发中国高品质果汁联合品牌业务。
  </p>
  <div class="first-s1">
    <p>
      瑞幸咖啡于 2019 年 5 月登陆纳斯达克市场。此前瑞幸咖啡发布的 2019 年第三季度财报显示，第三季度瑞幸咖啡产品净收入为 15.41 亿元，相比去年同期 2.4 亿元增长 540%。第三季度亏损 5.32 亿元，比去年同期的 4.84 亿元增长了 9.9%。预计 2019 财年，瑞幸咖啡的产品净收入将维持在 21-22 亿元之间。
    </p>
  </div>
  <p>智通财经 APP 获悉，三生制药 (01530) 获 JP Morgan 增持 270.3 万股，涉资约 2590 万港元。截至 10 时 33 分，涨 4.5%，报价 10.68 港元，成交额 6220 万。</p>
  <p>据港交所最新权益披露资料显示，2019 年 12 月 27 日，三生制药获 JP Morgan Chase & Co.每股均价 9.582 港元，增持 270.3 万股，总价约 2590 万港元。</p>
</div>